
PS C:\Users\3110j\OneDrive\デスクトップ\git-samurai> mkdir git_challenge


    ディレクトリ: C:\Users\3110j\OneDrive\デスクトップ\git-samurai


Mode                 LastWriteTime         Length Name
----                 -------------         ------ ----
PS C:\Users\3110j\OneDrive\デスクトップ\git-samurai> cd git_challenge

PS C:\Users\3110j\OneDrive\デスクトップ\git-samurai\git_challenge> echo "Hello,world!" > hello_world.txt

PS C:\Users\3110j\OneDrive\デスクトップ\git-samurai\git_challenge> git add hello_world.txt

PS C:\Users\3110j\OneDrive\デスクトップ\git-samurai> cd git_challenge

PS C:\Users\3110j\OneDrive\デスクトップ\git-samurai\git_challenge> echo "Hello,world!" > hello_world.txt

PS C:\Users\3110j\OneDrive\デスクトップ\git-samurai\git_challenge> git add hello_world.txt

PS C:\Users\3110j\OneDrive\デスクトップ\git-samurai\git_challenge> git commit -m "hello_world.txtを追加"
[main (root-commit) 7411f8e] hello_world.txtを追加
 1 file changed, 0 insertions(+), 0 deletions(-)
 create mode 100644 git_challenge/hello_world.txt

PS C:\Users\3110j\OneDrive\デスクトップ\git-samurai\git_challenge> echo "こんにちは、世界！" >> hello_world.txt

PS C:\Users\3110j\OneDrive\デスクトップ\git-samurai\git_challenge> git add hello_world.txt

PS C:\Users\3110j\OneDrive\デスクトップ\git-samurai\git_challenge> git commit -m "日本語訳を追記"
[main 5340ac7] 日本語訳を追記
 1 file changed, 0 insertions(+), 0 deletions(-)

PS C:\Users\3110j\OneDrive\デスクトップ\git-samurai\git_challenge> git log --oneline
5340ac7 (HEAD -> main) 日本語訳を追記
7411f8e hello_world.txtを追加

PS C:\Users\3110j\OneDrive\デスクトップ\git-samurai\git_challenge>