PS C:\Users\3110j\OneDrive\デスクトップ\git-samurai> mkdir git_challenge


    ディレクトリ: C:\Users\3110j\OneDrive\デスクトップ\git-samurai

[main (root-commit) bd5dab1] hello_world.txtを追加
 1 file changed, 0 insertions(+), 0 deletions(-)
 create mode 100644 hello_world.txt
PS C:\Users\3110j\OneDrive\デスクトップ\git-samurai\git_challenge> echo "こんにちは、世界！" >> hello_world.txt

PS C:\Users\3110j\OneDrive\デスクトップ\git-samurai\git_challenge> git add hello_world.txt

PS C:\Users\3110j\OneDrive\デスクトップ\git-samurai\git_challenge> git commit -m "日本語訳を追記"
[main 0b33aac] 日本語訳を追記
 1 file changed, 0 insertions(+), 0 deletions(-)

PS C:\Users\3110j\OneDrive\デスクトップ\git-samurai\git_challenge> git log --oneline
0b33aac (HEAD -> main) 日本語訳を追記
bd5dab1 hello_world.txtを追加

PS C:\Users\3110j\OneDrive\デスクトップ\git-samurai> 