PS C:\Users\3110j\OneDrive\デスクトップ\git-samurai> cd git_challenge
PS C:\Users\3110j\OneDrive\デスクトップ\git-samurai\git_challenge> git init
Initialized empty Git repository in C:/Users/3110j/OneDrive/デスクトップ/git-samurai/git_challenge/.git/
PS C:\Users\3110j\OneDrive\デスクトップ\git-samurai\git_challenge> echo "Hello,world!" > hello_world.txt
PS C:\Users\3110j\OneDrive\デスクトップ\git-samurai\git_challenge> git add hello_world.txt
PS C:\Users\3110j\OneDrive\デスクトップ\git-samurai\git_challenge> git commit -m "hello_world.txtを追加"
[main (root-commit) b86f0d5] hello_world.txtを追加
 1 file changed, 0 insertions(+), 0 deletions(-)
 create mode 100644 hello_world.txt
PS C:\Users\3110j\OneDrive\デスクトップ\git-samurai\git_challenge> echo "こんにちは、世界！" >> hello_world.txt
PS C:\Users\3110j\OneDrive\デスクトップ\git-samurai\git_challenge> git add hello_world.txt
PS C:\Users\3110j\OneDrive\デスクトップ\git-samurai\git_challenge> git commit -m "日本語訳を追記"
[main 2e4f290] 日本語訳を追記
 1 file changed, 0 insertions(+), 0 deletions(-)
PS C:\Users\3110j\OneDrive\デスクトップ\git-samurai\git_challenge> git log --oneline
2e4f290 (HEAD -> main) 日本語訳を追記
b86f0d5 hello_world.txtを追加
PS C:\Users\3110j\OneDrive\デスクトップ\git-samurai\git_challenge>