PS C:\Users\3110j\OneDrive\デスクトップ\git-samurai> mkdir git_challenge


    ディレクトリ: C:\Users\3110j\OneDrive\デスクトッ



Mode                 LastWriteTime         Length Name
----                 -------------         ------ ----
d-----        2025/06/04     11:01                git_challenge
PS C:\Users\3110j\OneDrive\デスクトップ\git-samurai> cd git_challenge
PS C:\Users\3110j\OneDrive\デスクトップ\git-samurai\git_challenge> git init
Initialized empty Git repository in C:/Users/3110j/OneDrive/デスクトップ/git-samurai/git_challenge/.git/
PS C:\Users\3110j\OneDrive\デスクトップ\git-samurai\git_challenge> echo "Hello,world!" > hello_world.txt
PS C:\Users\3110j\OneDrive\デスクトップ\git-samurai\git_challenge> git add hello_world.txt
PS C:\Users\3110j\OneDrive\デスクトップ\git-samurai\git_challenge> git commit -m "hello_world.txtを追加"
[main (root-commit) b38b207] hello_world.txtを追加
 1 file changed, 0 insertions(+), 0 deletions(-)
 create mode 100644 hello_world.txt
PS C:\Users\3110j\OneDrive\デスクトップ\git-samurai\git_challenge> echo "こんにちは、世界！" >> hello_world.txt
PS C:\Users\3110j\OneDrive\デスクトップ\git-samurai\git_challenge>



                                                                   git add hello_world.txt
PS C:\Users\3110j\OneDrive\デスクトップ\git-samurai\git_challenge> git commit -m "日本語訳を追記"
[main fe0e648] 日本語訳を追記
 1 file changed, 0 insertions(+), 0 deletions(-)
PS C:\Users\3110j\OneDrive\デスクトップ\git-samurai\git_challenge> git log --oneline
fe0e648 (HEAD -> main) 日本語訳を追記
b38b207 hello_world.txtを追加
PS C:\Users\3110j\OneDrive\デスクトップ\git-samurai\git_challenge>

